// Jest Snapshot v1, https://goo.gl/fbAQLP

exports[`renders ok 1`] = `
<DocumentFragment>
  <div
    class="row"
  >
    <div
      class="col-9"
    >
      test_description
    </div>
    <div
      class="col"
    >
      <form
        class=""
      >
        <span
          class="mb-3"
        >
          <div
            class="form-check form-check-inline"
          >
            <input
              class="form-check-input"
              id="formHorizontalRadios1"
              name="formHorizontalRadios"
              type="radio"
              value="true"
            />
            <label
              class="form-check-label"
              for="formHorizontalRadios1"
              title=""
            >
              Yes
            </label>
          </div>
          <div
            class="form-check form-check-inline"
          >
            <input
              checked=""
              class="form-check-input"
              id="formHorizontalRadios2"
              name="formHorizontalRadios"
              type="radio"
              value="false"
            />
            <label
              class="form-check-label"
              for="formHorizontalRadios2"
              title=""
            >
              No
            </label>
          </div>
        </span>
      </form>
    </div>
  </div>
</DocumentFragment>
`;
